# (red, yellow, green, left_time)
0, 0, 0, 0
1, 0, 0, 5
1, 0, 0, 4
1, 0, 0, 3
1, 0, 0, 2
1, 0, 0, 1
0, 0, 1, 7
0, 0, 1, 6

